Terminal ready

U-Boot SPL 2019.04-00002-g31a8ae0206 (May 13 2020 - 09:26:17 -0500)
Trying to boot from MMC2
Loading Environment from EXT4... 
** Unable to use mmc 0:1 for loading the env **


U-Boot 2019.04-00002-g31a8ae0206 (May 13 2020 - 09:26:17 -0500), Build: jenkins-github_Bootloader-Builder-139

CPU  : AM335X-GP rev 2.1
I2C:   ready
DRAM:  512 MiB
No match for driver 'omap_hsmmc'
No match for driver 'omap_hsmmc'
Some drivers were not found
Reset Source: Power-on reset has occurred.
RTC 32KCLK Source: External.
MMC:   OMAP SD/MMC: 0, OMAP SD/MMC: 1
Loading Environment from EXT4... 
** Unable to use mmc 0:1 for loading the env **
Board: BeagleBone Black
<ethaddr> not set. Validating first E-fuse MAC
BeagleBone Black:
BeagleBone: cape eeprom: i2c_probe: 0x54:
BeagleBone: cape eeprom: i2c_probe: 0x55:
BeagleBone: cape eeprom: i2c_probe: 0x56:
BeagleBone: cape eeprom: i2c_probe: 0x57:
Net:   eth0: MII MODE
cpsw, usb_ether
Press SPACE to abort autoboot in 0 seconds
board_name=[A335BNLT] ...
board_rev=[00C0] ...
switch to partitions #0, OK
mmc0 is current device
SD/MMC found on device 0
switch to partitions #0, OK
mmc0 is current device
Scanning mmc 0:1...
gpio: pin 56 (gpio 56) value is 0
gpio: pin 55 (gpio 55) value is 0
gpio: pin 54 (gpio 54) value is 0
gpio: pin 53 (gpio 53) value is 1
switch to partitions #0, OK
mmc0 is current device
gpio: pin 54 (gpio 54) value is 1
Checking for: /uEnv.txt ...
Checking for: /boot.scr ...
Checking for: /boot/boot.scr ...
Checking for: /boot/uEnv.txt ...
** Invalid partition 2 **
** Invalid partition 3 **
** Invalid partition 4 **
** Invalid partition 5 **
** Invalid partition 6 **
** Invalid partition 7 **
switch to partitions #0, OK
mmc1(part 0) is current device
Scanning mmc 1:1...
gpio: pin 56 (gpio 56) value is 0
gpio: pin 55 (gpio 55) value is 0
gpio: pin 54 (gpio 54) value is 0
gpio: pin 53 (gpio 53) value is 1
switch to partitions #0, OK
mmc1(part 0) is current device
gpio: pin 54 (gpio 54) value is 1
Checking for: /uEnv.txt ...
Checking for: /boot.scr ...
Checking for: /boot/boot.scr ...
Checking for: /boot/uEnv.txt ...
gpio: pin 55 (gpio 55) value is 1
2005 bytes read in 13 ms (150.4 KiB/s)
Loaded environment from /boot/uEnv.txt
Checking if uname_r is set in /boot/uEnv.txt...
gpio: pin 56 (gpio 56) value is 1
Running uname_boot ...
loading /boot/vmlinuz-4.19.94-ti-r42 ...
10095592 bytes read in 652 ms (14.8 MiB/s)
debug: [enable_uboot_overlays=1] ...
debug: [enable_uboot_cape_universal=1] ...
debug: [uboot_base_dtb_univ=am335x-boneblack-uboot-univ.dtb] ...
uboot_overlays: [uboot_base_dtb=am335x-boneblack-uboot-univ.dtb] ...
uboot_overlays: Switching too: dtb=am335x-boneblack-uboot-univ.dtb ...
loading /boot/dtbs/4.19.94-ti-r42/am335x-boneblack-uboot-univ.dtb ...
162266 bytes read in 41 ms (3.8 MiB/s)
uboot_overlays: [fdt_buffer=0x60000] ...
uboot_overlays: loading /lib/firmware/BB-ADC-00A0.dtbo ...
867 bytes read in 244 ms (2.9 KiB/s)
uboot_overlays: loading /lib/firmware/BB-BONE-eMMC1-01-00A0.dtbo ...
1584 bytes read in 144 ms (10.7 KiB/s)
uboot_overlays: loading /lib/firmware/BB-HDMI-TDA998x-00A0.dtbo ...
4915 bytes read in 319 ms (14.6 KiB/s)
uboot_overlays: loading /lib/firmware/AM335X-PRU-RPROC-4-19-TI-00A0.dtbo ...
3801 bytes read in 332 ms (10.7 KiB/s)
loading /boot/initrd.img-4.19.94-ti-r42 ...
6589689 bytes read in 430 ms (14.6 MiB/s)
debug: [console=ttyO0,115200n8 bone_capemgr.uboot_capemgr_enabled=1 root=/dev/mmcblk1p1 ro rootfstype=ext4 rootwait coherent_pool=1M net.ifnames=0 lpj=1990656 rng_core.default_quality=100 quiet] ...
debug: [bootz 0x82000000 0x88080000:648cf9 88000000] ...
## Flattened Device Tree blob at 88000000
   Booting using the fdt blob at 0x88000000
   Loading Ramdisk to 8f9b7000, end 8ffffcf9 ... OK
   Loading Device Tree to 8f92b000, end 8f9b6fff ... OK

Starting kernel ...
