"  Error trying to write file to 0x8100_0000, but downloading to 0x8000_0000 works fine" 

=> tftp 0x81000000 testfile.txt
using musb-hdrc, OUT ep1out IN ep1in STATUS ep2in
MAC f8:dc:7a:00:00:02
HOST MAC f8:dc:7a:00:00:01
RNDIS ready
musb-hdrc: peripheral reset irq lost!
high speed config #2: 2 mA, Ethernet Gadget, using RNDIS
USB RNDIS network up!
Using usb_ether device
TFTP from server 192.168.0.1; our IP address is 192.168.0.100
Filename 'testfile.txt'.
Load address: 0x81000000
Loading: ##################################################  11 Bytes
         1000 Bytes/s
done
Bytes transferred = 11 (b hex)
data abort
pc : [<9ff7b00a>]          lr : [<9ff74f81>]
reloc pc : [<8081c00a>]    lr : [<80815f81>]
sp : 9df29a00  ip : 00000020     fp : 00000003
r10: 9df29a68  r9 : 9df3eea0     r8 : 00000200
r7 : 00000003  r6 : 00000010     r5 : 9ffdb3fc  r4 : 0000000c
r3 : 00000010  r2 : 9df48000     r1 : 00000001  r0 : 9df48030
Flags: Nzcv  IRQs off  FIQs on  Mode SVC_32 (T)
Code: 68c2 6881 f023 0303 (60ca) 4403 
Resetting CPU ...

resetting ...